// Jest Snapshot v1, https://goo.gl/fbAQLP

exports[`it renders SideBarFooter 1`] = `
<Fragment>
  <div
    className="footer-block"
  >
    <div>
      About Press Copyright
    </div>
    <div>
      Creators Advertise
    </div>
    <div>
      DEvelopers
    </div>
    <div>
      Legal
    </div>
  </div>
  <div
    className="footer-block"
  >
    <div>
      Terms Privacy
    </div>
    <div>
      Policy & Safety
    </div>
    <div>
      Test new features
    </div>
  </div>
  <div
    className="footer-block"
  >
    <div>
       All prices include VAT 
    </div>
  </div>
  <div
    className="footer-block"
  >
    <div>
       
      Â© Productioncoder.com - A Youtube clone for educational purporses
    </div>
  </div>
</Fragment>
`;
